// Jest Snapshot v1, https://goo.gl/fbAQLP

exports[`<LocationFinderSearch /> should render 1`] = `
<div>
  <TextField
    disabled={false}
    floatingLabelFixed={false}
    fullWidth={false}
    hintText="Enter a location"
    multiLine={false}
    onChange={[Function]}
    onKeyPress={[Function]}
    rows={1}
    type="text"
    underlineShow={true}
  />
  <FlatButton
    disabled={false}
    fullWidth={false}
    labelPosition="after"
    labelStyle={Object {}}
    onClick={[Function]}
    onKeyboardFocus={[Function]}
    onMouseEnter={[Function]}
    onMouseLeave={[Function]}
    onTouchStart={[Function]}
    primary={false}
    secondary={false}
  >
    Search
  </FlatButton>
</div>
`;
