// Jest Snapshot v1, https://goo.gl/fbAQLP

exports[`<LocationFinderSearch /> should render 1`] = `
<div>
  <withStyles(Input)
    onChange={[Function]}
    onKeyDown={[Function]}
    placeholder="Enter a location"
  />
  <withStyles(Button)
    onClick={[Function]}
  >
    Search
  </withStyles(Button)>
</div>
`;
