// Jest Snapshot v1, https://goo.gl/fbAQLP

exports[`<LocationFinderSearch /> should render 1`] = `
<div>
  <withStyles(Input)
    classes={
      Object {
        "input": "LocationFinderSearch-input-1",
      }
    }
    onChange={[Function]}
    onKeyDown={[Function]}
    placeholder="Enter a location"
  />
  <withStyles(IconButton)
    aria-label="Search"
    color="inherit"
  >
    <withStyles(Icon)
      onClick={[Function]}
    >
      search
    </withStyles(Icon)>
  </withStyles(IconButton)>
</div>
`;
