// Jest Snapshot v1, https://goo.gl/fbAQLP

exports[`<Weather /> should render 1`] = `
<div
  className="Weather-root-1"
>
  <div
    className="Weather-title-2"
  >
    <withStyles(Typography)
      type="headline"
    >
      New York
      , 
      US
    </withStyles(Typography)>
  </div>
  <div
    className="Weather-temperature-3"
  >
    <div
      className="Weather-temperatureContent-4"
    >
      <div>
        <withStyles(Typography)
          type="display2"
        >
          <IconWeather
            code={800}
          />
        </withStyles(Typography)>
      </div>
      <div>
        <withStyles(Typography)
          type="display3"
        >
          15
          °
        </withStyles(Typography)>
      </div>
      <div
        className="Weather-temperatureMinMax-5"
      >
        <div
          className="Weather-temperatureMax-7"
        >
          <div>
            <withStyles(Typography)
              type="body2"
            >
              Min
            </withStyles(Typography)>
          </div>
          <div>
            <withStyles(Typography)
              type="body2"
            >
              10
               °
            </withStyles(Typography)>
          </div>
        </div>
        <div
          className="Weather-temperatureMin-6"
        >
          <div>
            <withStyles(Typography)
              type="body2"
            >
              Max
            </withStyles(Typography)>
          </div>
          <div>
            <withStyles(Typography)
              type="body2"
            >
              20
               °
            </withStyles(Typography)>
          </div>
        </div>
      </div>
    </div>
  </div>
  <div
    className="Weather-description-8"
  >
    <withStyles(Typography)
      type="title"
    >
      Clear
    </withStyles(Typography)>
  </div>
  <div
    className="Weather-update-9"
  >
    <withStyles(Typography)
      type="body1"
    >
      Updated as of 
      8:10 AM
    </withStyles(Typography)>
  </div>
  <div
    className="Weather-infos-10"
  >
    <div
      className="Weather-infosContent-11"
    >
      <div
        className="Weather-infosLine1-12"
      >
        <div>
          <withStyles(Typography)
            type="body1"
          >
            Wind 
            <IconWind
              degree={306.501}
            />
             
            1
             mps
          </withStyles(Typography)>
        </div>
        <div>
          <withStyles(Typography)
            type="body1"
          >
            Visibility 
            16093
             meter
          </withStyles(Typography)>
        </div>
        <div>
          <withStyles(Typography)
            type="body1"
          >
            Humidity 
            68
             %
          </withStyles(Typography)>
        </div>
      </div>
      <div
        className="Weather-infosLine2-13"
      >
        <div>
          <withStyles(Typography)
            type="body1"
          >
            Sunrise 
            12:34 PM
          </withStyles(Typography)>
        </div>
        <div>
          <withStyles(Typography)
            type="body1"
          >
            Sunset 
            1:09 AM
          </withStyles(Typography)>
        </div>
        <div>
          <withStyles(Typography)
            type="body1"
          >
            Cloudiness 
            1
             %
          </withStyles(Typography)>
        </div>
        <div>
          <withStyles(Typography)
            type="body1"
          >
            Pressure 
            1020
             
            hPa
          </withStyles(Typography)>
        </div>
      </div>
    </div>
  </div>
</div>
`;
