// Jest Snapshot v1, https://goo.gl/fbAQLP

exports[`<ForecastDay /> should render 1`] = `
<div
  className="ForecastDay-root-1"
>
  <div
    className="ForecastDay-title-2"
  >
    <withStyles(Typography)
      type="title"
    >
      Sun, Aug 1
    </withStyles(Typography)>
  </div>
  <div
    className="ForecastDay-icon-3"
  >
    <withStyles(Typography)
      type="headline"
    >
      <IconWeather
        code={200}
      />
    </withStyles(Typography)>
  </div>
  <div
    className="ForecastDay-temperature-4"
  >
    <div>
      <withStyles(Typography)
        type="title"
      >
        15
        °
      </withStyles(Typography)>
    </div>
    <div>
      <withStyles(Typography)
        type="subheading"
      >
        10
        °
      </withStyles(Typography)>
    </div>
  </div>
  <div
    className="ForecastDay-weather-5"
  >
    <withStyles(Typography)
      type="subheading"
    >
      Storm
    </withStyles(Typography)>
  </div>
</div>
`;
