// Jest Snapshot v1, https://goo.gl/fbAQLP

exports[`WeatherContainer should render 1`] = `
<Map
  geo={
    Array [
      -74.006,
      40.7143,
    ]
  }
  map={
    Object {
      "regions": Array [
        Object {
          "id": "currentLocation",
          "isActive": true,
          "title": "Current Location",
        },
        Object {
          "id": "northAmerica",
          "isActive": false,
          "title": "North America",
        },
        Object {
          "id": "southAmerica",
          "isActive": false,
          "title": "South America",
        },
        Object {
          "id": "europe",
          "isActive": false,
          "title": "Europe",
        },
        Object {
          "id": "asia",
          "isActive": false,
          "title": "Asia",
        },
        Object {
          "id": "pacificIslands",
          "isActive": false,
          "title": "Pacific Islands",
        },
        Object {
          "id": "africa",
          "isActive": false,
          "title": "Africa",
        },
      ],
      "types": Array [
        Object {
          "id": "temperature",
          "isActive": true,
          "title": "Temperature",
        },
        Object {
          "id": "precipitation",
          "isActive": false,
          "title": "Precipitation",
        },
        Object {
          "id": "pressure",
          "isActive": false,
          "title": "Pressure",
        },
        Object {
          "id": "wind",
          "isActive": false,
          "title": "Wind",
        },
        Object {
          "id": "cloud",
          "isActive": false,
          "title": "Cloud",
        },
      ],
    }
  }
  onRegionsChange={[Function]}
  onTypesChange={[Function]}
  regions={
    Array [
      Object {
        "id": "currentLocation",
        "isActive": true,
        "title": "Current Location",
      },
      Object {
        "id": "northAmerica",
        "isActive": false,
        "title": "North America",
      },
      Object {
        "id": "southAmerica",
        "isActive": false,
        "title": "South America",
      },
      Object {
        "id": "europe",
        "isActive": false,
        "title": "Europe",
      },
      Object {
        "id": "asia",
        "isActive": false,
        "title": "Asia",
      },
      Object {
        "id": "pacificIslands",
        "isActive": false,
        "title": "Pacific Islands",
      },
      Object {
        "id": "africa",
        "isActive": false,
        "title": "Africa",
      },
    ]
  }
  store={
    Object {
      "clearActions": [Function],
      "dispatch": [Function],
      "getActions": [Function],
      "getState": [Function],
      "replaceReducer": [Function],
      "subscribe": [Function],
    }
  }
  storeSubscription={
    Subscription {
      "listeners": Object {
        "notify": [Function],
      },
      "onStateChange": [Function],
      "parentSub": undefined,
      "store": Object {
        "clearActions": [Function],
        "dispatch": [Function],
        "getActions": [Function],
        "getState": [Function],
        "replaceReducer": [Function],
        "subscribe": [Function],
      },
      "unsubscribe": null,
    }
  }
  types={
    Array [
      Object {
        "id": "temperature",
        "isActive": true,
        "title": "Temperature",
      },
      Object {
        "id": "precipitation",
        "isActive": false,
        "title": "Precipitation",
      },
      Object {
        "id": "pressure",
        "isActive": false,
        "title": "Pressure",
      },
      Object {
        "id": "wind",
        "isActive": false,
        "title": "Wind",
      },
      Object {
        "id": "cloud",
        "isActive": false,
        "title": "Cloud",
      },
    ]
  }
/>
`;
