// Jest Snapshot v1, https://goo.gl/fbAQLP

exports[`<Navigation /> should render 1`] = `
<withStyles(ListItem)
  button={true}
  onClick="test"
>
  <withStyles(ListItemIcon) />
  <NavLink
    activeClassName="active"
    activeStyle={
      Object {
        "color": "red",
        "fontWeight": "bold",
      }
    }
    className="Navigation-root-1"
    exact={true}
    to="/map"
  >
    test title
  </NavLink>
</withStyles(ListItem)>
`;
