// Jest Snapshot v1, https://goo.gl/fbAQLP

exports[`<Navigations /> should render 1`] = `
<div>
  <withStyles(Drawer)
    classes={
      Object {
        "paper": "Navigations-drawerPaper-1",
      }
    }
    type="permanent"
  >
    <div
      className="Navigations-drawerInner-3"
    >
      <div
        className="Navigations-drawerHeader-4"
      >
        <withStyles(IconButton)>
          <pure(ChevronLeft) />
        </withStyles(IconButton)>
      </div>
      <withStyles(Divider) />
      <withStyles(ListItem)
        button={true}
      >
        <withStyles(ListItemIcon)>
          <pure(Home) />
        </withStyles(ListItemIcon)>
        <NavLink
          activeClassName="active"
          activeStyle={
            Object {
              "color": "red",
              "fontWeight": "bold",
            }
          }
          exact={true}
          to="/"
        >
          Weather
        </NavLink>
      </withStyles(ListItem)>
      <withStyles(ListItem)
        button={true}
      >
        <withStyles(ListItemIcon)>
          <pure(Map) />
        </withStyles(ListItemIcon)>
        <NavLink
          activeClassName="active"
          activeStyle={
            Object {
              "color": "red",
              "fontWeight": "bold",
            }
          }
          exact={true}
          to="/map"
        >
          Map
        </NavLink>
      </withStyles(ListItem)>
    </div>
  </withStyles(Drawer)>
</div>
`;
