// Jest Snapshot v1, https://goo.gl/fbAQLP

exports[`<Navigations /> should render 1`] = `
<div>
  <Navigation
    id="home"
    isActive={true}
    onClick={[Function]}
    title="Weather"
    tooltip="Weather"
    url="/"
  />
  <Navigation
    id="map"
    isActive={false}
    onClick={[Function]}
    title="Map"
    tooltip="Weather map"
    url="/map"
  />
</div>
`;
