// Jest Snapshot v1, https://goo.gl/fbAQLP

exports[`<NavigationContainer /> should render 1`] = `
<withStyles(Navigations)
  navigations={
    Array [
      Object {
        "id": "home",
        "isActive": true,
        "title": "Weather",
        "tooltip": "Weather",
        "url": "/",
      },
      Object {
        "id": "map",
        "isActive": false,
        "title": "Map",
        "tooltip": "Weather map",
        "url": "/map",
      },
    ]
  }
  onNavigationClick={[Function]}
  store={
    Object {
      "clearActions": [Function],
      "dispatch": [Function],
      "getActions": [Function],
      "getState": [Function],
      "replaceReducer": [Function],
      "subscribe": [Function],
    }
  }
  storeSubscription={
    Subscription {
      "listeners": Object {
        "notify": [Function],
      },
      "onStateChange": [Function],
      "parentSub": undefined,
      "store": Object {
        "clearActions": [Function],
        "dispatch": [Function],
        "getActions": [Function],
        "getState": [Function],
        "replaceReducer": [Function],
        "subscribe": [Function],
      },
      "unsubscribe": null,
    }
  }
/>
`;
