// Jest Snapshot v1, https://goo.gl/fbAQLP

exports[`<Navigations /> should render 1`] = `
<div>
  <withStyles(Drawer)
    classes={
      Object {
        "paper": "Navigations-drawerPaper-1",
      }
    }
    type="permanent"
  >
    <div
      className="Navigations-drawerInner-3"
    >
      <div
        className="Navigations-drawerHeader-4"
      >
        <withStyles(IconButton)>
          <pure(ChevronLeft) />
        </withStyles(IconButton)>
      </div>
      <withStyles(Divider) />
      <withStyles(List)>
        <withStyles(Navigation)
          id="home"
          isActive={true}
          onClick={[Function]}
          title="Weather"
          tooltip="Weather"
          url="/"
        />
        <withStyles(Navigation)
          id="map"
          isActive={false}
          onClick={[Function]}
          title="Map"
          tooltip="Weather map"
          url="/map"
        />
      </withStyles(List)>
    </div>
  </withStyles(Drawer)>
</div>
`;
