// Jest Snapshot v1, https://goo.gl/fbAQLP

exports[`<CustomTooltip /> should render with no rain data 1`] = `
<div>
  <div>
    Thu, Sep 14
  </div>
  <div>
    <div>
      Hour:
    </div>
    <div>
      05 PM
    </div>
  </div>
  <div>
    <div>
      Temp:
    </div>
    <div>
      23
       °
    </div>
  </div>
  <div>
    <div>
      Rain:
    </div>
    <div>
      N/A
    </div>
  </div>
</div>
`;

exports[`<CustomTooltip /> should render with rain data 1`] = `
<div>
  <div>
    Thu, Sep 14
  </div>
  <div>
    <div>
      Hour:
    </div>
    <div>
      05 PM
    </div>
  </div>
  <div>
    <div>
      Temp:
    </div>
    <div>
      23
       °
    </div>
  </div>
  <div>
    <div>
      Rain:
    </div>
    <div>
      0.1
    </div>
  </div>
</div>
`;
