// Jest Snapshot v1, https://goo.gl/fbAQLP

exports[`<DetailDayGroup /> should render 1`] = `
<div
  className="DetailDayGroup-root-1"
>
  <div
    className="DetailDayGroup-title-2"
  >
    <withStyles(Typography)
      type="title"
    >
      Tue, Sep 12
    </withStyles(Typography)>
  </div>
  <withStyles(Divider) />
  <div
    className="DetailDayGroup-hours-3"
  >
    <withStyles(DetailHour)
      humidityUnit="%"
      humidityValue={93}
      momentId="2017:8:12:2"
      temp={14.42}
      timespan={1505206800}
      weatherDescription="Clouds"
      weatherIconCode={803}
      windDegree={273.006}
      windSpeed={1.26}
    />
  </div>
</div>
`;
