// Jest Snapshot v1, https://goo.gl/fbAQLP

exports[`<Forecast /> should render 1`] = `
<div
  className="Forecast-root-1"
>
  <div
    className="Forecast-appFrame-2"
  >
    <withStyles(Bar) />
    <Connect(withStyles(Navigations)) />
    <div
      className="Forecast-content-3"
    >
      <Connect(withStyles(Weather)) />
      <Connect(withStyles(ForecastDays)) />
      <Connect(withStyles(ForecastHourly)) />
    </div>
  </div>
</div>
`;
