// Jest Snapshot v1, https://goo.gl/fbAQLP

exports[`<Root /> should render 1`] = `
<Provider
  store={
    Object {
      "dispatch": [Function],
      "getState": [Function],
      "replaceReducer": [Function],
      "subscribe": [Function],
    }
  }
>
  <BrowserRouter>
    <Switch>
      <Route
        component={[Function]}
        exact={true}
        path="/"
      />
      <Route
        component={[Function]}
        exact={true}
        path="/map"
      />
    </Switch>
  </BrowserRouter>
</Provider>
`;
